0,1,2,3
abc
0
3
0,a,3
0,b,2
0,c,1
1,a,1
1,b,1
1,c,1
2,a,2
2,b,1
2,c,3
3,a,1
3,b,1
3,c,1
